// Vitest Snapshot v1, https://vitest.dev/guide/snapshot.html

exports[`Testing: RecipeCard > should render 1`] = `
<div>
  <div
    class="_recipeCardWrapper_a06f98"
  >
    <div
      class="_recipeContainer_a06f98"
    >
      <img
        class="_recipeCardImage_a06f98"
        id="00000000-0000-0000-0000-000000000001"
        src="test/image/src/1"
      />
      <div
        class="_recipeData_a06f98"
      >
        <div
          class="_recipeName_a06f98"
        >
          Test Recipe 1
        </div>
        <div
          class="_recipeType_a06f98"
        >
          Рыба
        </div>
        <div
          class="_buttonsPanel_a06f98"
        >
          <button
            class="_buttonWrapper_89d844 _recipeEditButton_a06f98"
          >
            <img
              alt="Edit Recipe Button"
              class="_recipeCardLogo_a06f98"
              src="/src/assets/pencil.svg"
            />
          </button>
          <button
            class="_buttonWrapper_89d844 _recipeEditButton_a06f98"
          >
            <img
              alt="Show Recipe Button"
              class="_recipeCardLogo_a06f98"
              src="/src/assets/eye.svg"
            />
          </button>
        </div>
      </div>
    </div>
  </div>
</div>
`;
