// Vitest Snapshot v1, https://vitest.dev/guide/snapshot.html

exports[`Testing: ShowRecipePage > should render 1`] = `
<div>
  <div
    class="_showRecipePageWrapper_2f97fe"
  >
    <img
      class="_showRecipeLogo_2f97fe"
      src="/src/assets/hand-drawn-food.svg"
    />
    <div
      class="_emptyMessage_2f97fe"
    >
      Рецепт не найден
    </div>
    <button
      class="MuiButtonBase-root MuiButton-root MuiButton-outlined MuiButton-outlinedPrimary MuiButton-sizeMedium MuiButton-outlinedSizeMedium MuiButton-colorPrimary MuiButton-root MuiButton-outlined MuiButton-outlinedPrimary MuiButton-sizeMedium MuiButton-outlinedSizeMedium MuiButton-colorPrimary _cancelButton_2f97fe css-1rwt2y5-MuiButtonBase-root-MuiButton-root"
      tabindex="0"
      type="button"
    >
      Назад
      <span
        class="MuiTouchRipple-root css-8je8zh-MuiTouchRipple-root"
      />
    </button>
  </div>
</div>
`;
