// Vitest Snapshot v1, https://vitest.dev/guide/snapshot.html

exports[`Testing: IngredientCard > should render 1`] = `
<div>
  <div
    class="_ingredientContainer_dd3edf MuiBox-root css-0"
  >
    <label
      class="_label_d67774 _ingredientLabel_dd3edf"
    >
      <input
        class="_input_d67774 _ingredientInput_dd3edf"
        disabled=""
        placeholder="Ввод"
        type="text"
        value="Test Ingredient 1"
      />
    </label>
    <div
      class="_buttonsPanel_dd3edf MuiBox-root css-0"
    >
      <div
        class="_updatePanel_dd3edf MuiBox-root css-0"
      >
        <img
          alt="Accept/Edit Ingredient Button"
          class="_ingredientBlockLogo_dd3edf"
          src="/src/assets/pencil.svg"
        />
      </div>
      <img
        alt="Delete Ingredient Button"
        class="_ingredientBlockLogo_dd3edf"
        src="/src/assets/paper-bin.svg"
      />
    </div>
  </div>
</div>
`;
